--- autogen-subclasses ---
module Opus::Mixin
 Opus::Mixed
 Opus::MixedDescendant
class Opus::Parent
 Opus::Child
 Opus::DupChild
