--- autogen-subclasses-ignore-absolute ---

--- autogen-subclasses-ignore-relative ---
class Opus::Parent
 Opus::Child
